// Jest Snapshot v1, https://goo.gl/fbAQLP

exports[`CheckBoxFilterEditor rendering renders expected elements 1`] = `
[
  <fieldset
    className="CheckBoxFilterEditor"
  >
    <legend
      className="CheckBoxFilterEditor__legend"
    >
      label
    </legend>
    <CheckBox
      checked={true}
      className="CheckBoxFilterEditor__option"
      id="checkBoxOption-a"
      label="a"
      onChange={[Function]}
    />
    <CheckBox
      checked={false}
      className="CheckBoxFilterEditor__option"
      id="checkBoxOption-b"
      label="b"
      onChange={[Function]}
    />
  </fieldset>,
]
`;
