// Jest Snapshot v1, https://goo.gl/fbAQLP

exports[`DetailsSectionTitle rendering renders expected elements 1`] = `
<h5
  className="DetailsSectionTitle"
>
  Test
</h5>
`;
