// Jest Snapshot v1, https://goo.gl/fbAQLP

exports[`ConfirmDialog rendering renders expected elements 1`] = `
<Dialog
  role="alertdialog"
  size="sm"
  title="Title"
>
  <div
    className="ConfirmDialog__body"
  >
    <WarningAltFilled
      className="ConfirmDialog__icon"
      size={20}
    />
    <p
      className="ConfirmDialog__text"
    >
      Body
    </p>
  </div>
  <div>
    <Button
      id="closeDialogBtn"
      text="Cancel"
    />
    <Button
      id="confirmBtn"
      text="Confirm"
      type="primary"
    />
  </div>
</Dialog>
`;
