// Jest Snapshot v1, https://goo.gl/fbAQLP

exports[`ModalSpinner rendering renders expected elements 1`] = `
<div
  className="ModalSpinner"
  id="test"
>
  <Spinner
    size="large"
  />
</div>
`;
