// Jest Snapshot v1, https://goo.gl/fbAQLP

exports[`Tabs rendering renders expected elements 1`] = `
<ScrollBox
  onResize={[Function]}
>
  <div
    aria-activedescendant="random-id-1"
    className="Tabs"
    onClick={[Function]}
    onFocus={[Function]}
    onKeyDown={[Function]}
    onMouseDown={[Function]}
    onMouseUp={[Function]}
    role="tablist"
    tabIndex="0"
  >
    foo
    bar
    baz
  </div>
</ScrollBox>
`;
